2026/05/09 22:53:41 auto-detected memcached PID: 4465
2026/05/09 22:53:41 logging to log20260509_225341.txt
2026/05/09 22:53:45 memcached util=0.01 on 2 cores; batchCores=2 active=false pending=7
2026/05/09 22:53:45 starting freqmine cores=[2 3] threads=2
2026/05/09 22:53:47 memcached util=0.04 on 2 cores; batchCores=2 active=true pending=6
2026/05/09 22:53:49 memcached util=0.02 on 2 cores; batchCores=2 active=true pending=6
2026/05/09 22:53:49 shrinking memcached → 1 core(s)
2026/05/09 22:53:51 memcached util=0.04 on 1 cores; batchCores=3 active=true pending=6
2026/05/09 22:53:53 memcached util=0.02 on 1 cores; batchCores=3 active=true pending=6
2026/05/09 22:53:55 memcached util=0.02 on 1 cores; batchCores=3 active=true pending=6
2026/05/09 22:53:57 memcached util=0.03 on 1 cores; batchCores=3 active=true pending=6
2026/05/09 22:53:59 memcached util=0.03 on 1 cores; batchCores=3 active=true pending=6
2026/05/09 22:54:01 memcached util=0.02 on 1 cores; batchCores=3 active=true pending=6
2026/05/09 22:54:03 memcached util=0.02 on 1 cores; batchCores=3 active=true pending=6
2026/05/09 22:54:05 memcached util=0.02 on 1 cores; batchCores=3 active=true pending=6
2026/05/09 22:54:07 memcached util=0.03 on 1 cores; batchCores=3 active=true pending=6
2026/05/09 22:54:09 memcached util=0.03 on 1 cores; batchCores=3 active=true pending=6
2026/05/09 22:54:11 memcached util=0.02 on 1 cores; batchCores=3 active=true pending=6
2026/05/09 22:54:13 memcached util=0.01 on 1 cores; batchCores=3 active=true pending=6
2026/05/09 22:54:15 memcached util=0.01 on 1 cores; batchCores=3 active=true pending=6
2026/05/09 22:54:17 memcached util=0.02 on 1 cores; batchCores=3 active=true pending=6
2026/05/09 22:54:19 memcached util=0.03 on 1 cores; batchCores=3 active=true pending=6
2026/05/09 22:54:21 memcached util=0.01 on 1 cores; batchCores=3 active=true pending=6
2026/05/09 22:54:23 memcached util=0.02 on 1 cores; batchCores=3 active=true pending=6
2026/05/09 22:54:25 memcached util=0.02 on 1 cores; batchCores=3 active=true pending=6
2026/05/09 22:54:27 memcached util=0.01 on 1 cores; batchCores=3 active=true pending=6
2026/05/09 22:54:29 memcached util=0.03 on 1 cores; batchCores=3 active=true pending=6
2026/05/09 22:54:31 memcached util=0.01 on 1 cores; batchCores=3 active=true pending=6
2026/05/09 22:54:33 memcached util=0.02 on 1 cores; batchCores=3 active=true pending=6
2026/05/09 22:54:35 memcached util=0.01 on 1 cores; batchCores=3 active=true pending=6
2026/05/09 22:54:37 memcached util=0.02 on 1 cores; batchCores=3 active=true pending=6
2026/05/09 22:54:39 memcached util=0.02 on 1 cores; batchCores=3 active=true pending=6
2026/05/09 22:54:41 memcached util=0.01 on 1 cores; batchCores=3 active=true pending=6
2026/05/09 22:54:43 memcached util=0.02 on 1 cores; batchCores=3 active=true pending=6
2026/05/09 22:54:45 memcached util=0.02 on 1 cores; batchCores=3 active=true pending=6
2026/05/09 22:54:47 memcached util=0.01 on 1 cores; batchCores=3 active=true pending=6
2026/05/09 22:54:49 memcached util=0.02 on 1 cores; batchCores=3 active=true pending=6
2026/05/09 22:54:51 memcached util=0.01 on 1 cores; batchCores=3 active=true pending=6
2026/05/09 22:54:53 memcached util=0.02 on 1 cores; batchCores=3 active=true pending=6
2026/05/09 22:54:55 memcached util=0.02 on 1 cores; batchCores=3 active=true pending=6
2026/05/09 22:54:57 memcached util=0.01 on 1 cores; batchCores=3 active=true pending=6
2026/05/09 22:54:59 memcached util=0.02 on 1 cores; batchCores=3 active=true pending=6
2026/05/09 22:55:01 memcached util=0.01 on 1 cores; batchCores=3 active=true pending=6
2026/05/09 22:55:03 memcached util=0.03 on 1 cores; batchCores=3 active=true pending=6
2026/05/09 22:55:05 memcached util=0.02 on 1 cores; batchCores=3 active=true pending=6
2026/05/09 22:55:07 memcached util=0.02 on 1 cores; batchCores=3 active=true pending=6
2026/05/09 22:55:09 memcached util=0.02 on 1 cores; batchCores=3 active=true pending=6
2026/05/09 22:55:11 memcached util=0.01 on 1 cores; batchCores=3 active=true pending=6
2026/05/09 22:55:13 memcached util=0.02 on 1 cores; batchCores=3 active=true pending=6
2026/05/09 22:55:15 memcached util=0.01 on 1 cores; batchCores=3 active=true pending=6
2026/05/09 22:55:17 memcached util=0.01 on 1 cores; batchCores=3 active=true pending=6
2026/05/09 22:55:19 memcached util=0.02 on 1 cores; batchCores=3 active=true pending=6
2026/05/09 22:55:21 memcached util=0.01 on 1 cores; batchCores=3 active=true pending=6
2026/05/09 22:55:23 memcached util=0.03 on 1 cores; batchCores=3 active=true pending=6
2026/05/09 22:55:25 memcached util=0.02 on 1 cores; batchCores=3 active=true pending=6
2026/05/09 22:55:27 memcached util=0.02 on 1 cores; batchCores=3 active=true pending=6
2026/05/09 22:55:29 memcached util=0.03 on 1 cores; batchCores=3 active=true pending=6
2026/05/09 22:55:31 memcached util=0.03 on 1 cores; batchCores=3 active=true pending=6
2026/05/09 22:55:33 memcached util=0.02 on 1 cores; batchCores=3 active=true pending=6
2026/05/09 22:55:35 memcached util=0.02 on 1 cores; batchCores=3 active=true pending=6
2026/05/09 22:55:37 memcached util=0.01 on 1 cores; batchCores=3 active=true pending=6
2026/05/09 22:55:39 memcached util=0.03 on 1 cores; batchCores=3 active=true pending=6
2026/05/09 22:55:41 memcached util=0.02 on 1 cores; batchCores=3 active=true pending=6
2026/05/09 22:55:43 memcached util=0.03 on 1 cores; batchCores=3 active=true pending=6
2026/05/09 22:55:45 memcached util=0.02 on 1 cores; batchCores=3 active=true pending=6
2026/05/09 22:55:47 memcached util=0.01 on 1 cores; batchCores=3 active=true pending=6
2026/05/09 22:55:49 memcached util=0.03 on 1 cores; batchCores=3 active=true pending=6
2026/05/09 22:55:51 memcached util=0.01 on 1 cores; batchCores=3 active=true pending=6
2026/05/09 22:55:53 memcached util=0.02 on 1 cores; batchCores=3 active=true pending=6
2026/05/09 22:55:55 memcached util=0.01 on 1 cores; batchCores=3 active=true pending=6
2026/05/09 22:55:57 memcached util=0.02 on 1 cores; batchCores=3 active=true pending=6
2026/05/09 22:55:59 memcached util=0.02 on 1 cores; batchCores=3 active=true pending=6
2026/05/09 22:56:01 memcached util=0.05 on 1 cores; batchCores=3 active=true pending=6
2026/05/09 22:56:03 memcached util=0.20 on 1 cores; batchCores=3 active=true pending=6
2026/05/09 22:56:05 memcached util=0.17 on 1 cores; batchCores=3 active=true pending=6
2026/05/09 22:56:07 memcached util=0.17 on 1 cores; batchCores=3 active=true pending=6
2026/05/09 22:56:09 memcached util=0.16 on 1 cores; batchCores=3 active=true pending=6
2026/05/09 22:56:11 memcached util=0.17 on 1 cores; batchCores=3 active=true pending=6
2026/05/09 22:56:13 memcached util=0.17 on 1 cores; batchCores=3 active=true pending=6
2026/05/09 22:56:15 memcached util=0.16 on 1 cores; batchCores=3 active=true pending=6
2026/05/09 22:56:17 memcached util=0.41 on 1 cores; batchCores=3 active=true pending=6
2026/05/09 22:56:19 memcached util=0.61 on 1 cores; batchCores=3 active=true pending=6
2026/05/09 22:56:19 expanding memcached → 2 core(s)
2026/05/09 22:56:21 memcached util=0.40 on 2 cores; batchCores=2 active=true pending=6
2026/05/09 22:56:23 memcached util=0.42 on 2 cores; batchCores=2 active=true pending=6
2026/05/09 22:56:25 memcached util=0.37 on 2 cores; batchCores=2 active=true pending=6
2026/05/09 22:56:27 memcached util=0.35 on 2 cores; batchCores=2 active=true pending=6
2026/05/09 22:56:29 memcached util=0.38 on 2 cores; batchCores=2 active=true pending=6
2026/05/09 22:56:31 memcached util=0.46 on 2 cores; batchCores=2 active=true pending=6
2026/05/09 22:56:33 memcached util=0.89 on 2 cores; batchCores=2 active=true pending=6
2026/05/09 22:56:33 expanding memcached → 3 core(s)
2026/05/09 22:56:35 memcached util=0.69 on 3 cores; batchCores=1 active=true pending=6
2026/05/09 22:56:37 memcached util=0.68 on 3 cores; batchCores=1 active=true pending=6
2026/05/09 22:56:39 memcached util=0.69 on 3 cores; batchCores=1 active=true pending=6
2026/05/09 22:56:41 memcached util=0.68 on 3 cores; batchCores=1 active=true pending=6
2026/05/09 22:56:43 memcached util=0.73 on 3 cores; batchCores=1 active=true pending=6
2026/05/09 22:56:45 memcached util=0.76 on 3 cores; batchCores=1 active=true pending=6
2026/05/09 22:56:47 memcached util=0.50 on 3 cores; batchCores=1 active=true pending=6
2026/05/09 22:56:49 memcached util=0.40 on 3 cores; batchCores=1 active=true pending=6
2026/05/09 22:56:51 memcached util=0.38 on 3 cores; batchCores=1 active=true pending=6
2026/05/09 22:56:53 memcached util=0.38 on 3 cores; batchCores=1 active=true pending=6
2026/05/09 22:56:55 memcached util=0.36 on 3 cores; batchCores=1 active=true pending=6
2026/05/09 22:56:57 memcached util=0.37 on 3 cores; batchCores=1 active=true pending=6
2026/05/09 22:56:59 memcached util=0.38 on 3 cores; batchCores=1 active=true pending=6
2026/05/09 22:57:01 memcached util=0.39 on 3 cores; batchCores=1 active=true pending=6
2026/05/09 22:57:03 memcached util=0.28 on 3 cores; batchCores=1 active=true pending=6
2026/05/09 22:57:05 memcached util=0.25 on 3 cores; batchCores=1 active=true pending=6
2026/05/09 22:57:07 memcached util=0.28 on 3 cores; batchCores=1 active=true pending=6
2026/05/09 22:57:09 memcached util=0.27 on 3 cores; batchCores=1 active=true pending=6
2026/05/09 22:57:11 memcached util=0.28 on 3 cores; batchCores=1 active=true pending=6
2026/05/09 22:57:13 memcached util=0.29 on 3 cores; batchCores=1 active=true pending=6
2026/05/09 22:57:15 memcached util=0.28 on 3 cores; batchCores=1 active=true pending=6
2026/05/09 22:57:17 memcached util=0.31 on 3 cores; batchCores=1 active=true pending=6
2026/05/09 22:57:19 memcached util=0.35 on 3 cores; batchCores=1 active=true pending=6
2026/05/09 22:57:21 memcached util=0.35 on 3 cores; batchCores=1 active=true pending=6
2026/05/09 22:57:23 memcached util=0.34 on 3 cores; batchCores=1 active=true pending=6
2026/05/09 22:57:25 memcached util=0.34 on 3 cores; batchCores=1 active=true pending=6
2026/05/09 22:57:27 memcached util=0.34 on 3 cores; batchCores=1 active=true pending=6
2026/05/09 22:57:29 memcached util=0.34 on 3 cores; batchCores=1 active=true pending=6
2026/05/09 22:57:31 memcached util=0.33 on 3 cores; batchCores=1 active=true pending=6
2026/05/09 22:57:33 memcached util=0.27 on 3 cores; batchCores=1 active=true pending=6
2026/05/09 22:57:35 memcached util=0.26 on 3 cores; batchCores=1 active=true pending=6
2026/05/09 22:57:37 memcached util=0.27 on 3 cores; batchCores=1 active=true pending=6
2026/05/09 22:57:39 memcached util=0.27 on 3 cores; batchCores=1 active=true pending=6
2026/05/09 22:57:41 memcached util=0.26 on 3 cores; batchCores=1 active=true pending=6
2026/05/09 22:57:43 memcached util=0.28 on 3 cores; batchCores=1 active=true pending=6
2026/05/09 22:57:45 memcached util=0.26 on 3 cores; batchCores=1 active=true pending=6
2026/05/09 22:57:47 memcached util=0.59 on 3 cores; batchCores=1 active=true pending=6
2026/05/09 22:57:49 memcached util=0.72 on 3 cores; batchCores=1 active=true pending=6
2026/05/09 22:57:51 memcached util=0.74 on 3 cores; batchCores=1 active=true pending=6
2026/05/09 22:57:53 memcached util=0.75 on 3 cores; batchCores=1 active=true pending=6
2026/05/09 22:57:55 memcached util=0.69 on 3 cores; batchCores=1 active=true pending=6
2026/05/09 22:57:57 memcached util=0.72 on 3 cores; batchCores=1 active=true pending=6
2026/05/09 22:57:59 memcached util=0.72 on 3 cores; batchCores=1 active=true pending=6
2026/05/09 22:58:01 memcached util=0.76 on 3 cores; batchCores=1 active=true pending=6
2026/05/09 22:58:03 memcached util=0.75 on 3 cores; batchCores=1 active=true pending=6
2026/05/09 22:58:05 memcached util=0.75 on 3 cores; batchCores=1 active=true pending=6
2026/05/09 22:58:07 memcached util=0.73 on 3 cores; batchCores=1 active=true pending=6
2026/05/09 22:58:09 memcached util=0.71 on 3 cores; batchCores=1 active=true pending=6
2026/05/09 22:58:11 memcached util=0.72 on 3 cores; batchCores=1 active=true pending=6
2026/05/09 22:58:13 memcached util=0.74 on 3 cores; batchCores=1 active=true pending=6
2026/05/09 22:58:15 memcached util=0.72 on 3 cores; batchCores=1 active=true pending=6
2026/05/09 22:58:17 memcached util=0.75 on 3 cores; batchCores=1 active=true pending=6
2026/05/09 22:58:19 memcached util=0.66 on 3 cores; batchCores=1 active=true pending=6
2026/05/09 22:58:21 memcached util=0.67 on 3 cores; batchCores=1 active=true pending=6
2026/05/09 22:58:23 memcached util=0.66 on 3 cores; batchCores=1 active=true pending=6
2026/05/09 22:58:25 memcached util=0.65 on 3 cores; batchCores=1 active=true pending=6
2026/05/09 22:58:27 memcached util=0.61 on 3 cores; batchCores=1 active=true pending=6
2026/05/09 22:58:29 memcached util=0.63 on 3 cores; batchCores=1 active=true pending=6
2026/05/09 22:58:31 memcached util=0.58 on 3 cores; batchCores=1 active=true pending=6
2026/05/09 22:58:33 memcached util=0.27 on 3 cores; batchCores=1 active=true pending=6
2026/05/09 22:58:35 memcached util=0.28 on 3 cores; batchCores=1 active=true pending=6
2026/05/09 22:58:37 memcached util=0.26 on 3 cores; batchCores=1 active=true pending=6
2026/05/09 22:58:39 memcached util=0.26 on 3 cores; batchCores=1 active=true pending=6
2026/05/09 22:58:41 memcached util=0.25 on 3 cores; batchCores=1 active=true pending=6
2026/05/09 22:58:43 memcached util=0.26 on 3 cores; batchCores=1 active=true pending=6
2026/05/09 22:58:45 memcached util=0.24 on 3 cores; batchCores=1 active=true pending=6
2026/05/09 22:58:47 memcached util=0.17 on 3 cores; batchCores=1 active=true pending=6
2026/05/09 22:58:49 memcached util=0.13 on 3 cores; batchCores=1 active=true pending=6
2026/05/09 22:58:49 shrinking memcached → 2 core(s)
2026/05/09 22:58:51 memcached util=0.18 on 2 cores; batchCores=2 active=true pending=6
2026/05/09 22:58:53 memcached util=0.19 on 2 cores; batchCores=2 active=true pending=6
2026/05/09 22:58:55 job freqmine finished in 5m9.517185812s
2026/05/09 22:58:55 starting canneal cores=[2 3] threads=2
2026/05/09 22:58:55 memcached util=0.23 on 2 cores; batchCores=2 active=true pending=5
2026/05/09 22:58:55 shrinking memcached → 1 core(s)
2026/05/09 22:58:57 memcached util=0.15 on 1 cores; batchCores=3 active=true pending=5
2026/05/09 22:58:59 memcached util=0.16 on 1 cores; batchCores=3 active=true pending=5
2026/05/09 22:59:01 memcached util=0.30 on 1 cores; batchCores=3 active=true pending=5
2026/05/09 22:59:03 memcached util=0.97 on 1 cores; batchCores=3 active=true pending=5
2026/05/09 22:59:03 expanding memcached → 2 core(s)
2026/05/09 22:59:05 memcached util=0.62 on 2 cores; batchCores=2 active=true pending=5
2026/05/09 22:59:05 expanding memcached → 3 core(s)
2026/05/09 22:59:07 memcached util=0.48 on 3 cores; batchCores=1 active=true pending=5
2026/05/09 22:59:09 memcached util=0.45 on 3 cores; batchCores=1 active=true pending=5
2026/05/09 22:59:11 memcached util=0.44 on 3 cores; batchCores=1 active=true pending=5
2026/05/09 22:59:13 memcached util=0.45 on 3 cores; batchCores=1 active=true pending=5
2026/05/09 22:59:15 memcached util=0.43 on 3 cores; batchCores=1 active=true pending=5
2026/05/09 22:59:17 memcached util=0.19 on 3 cores; batchCores=1 active=true pending=5
2026/05/09 22:59:19 memcached util=0.11 on 3 cores; batchCores=1 active=true pending=5
2026/05/09 22:59:21 memcached util=0.11 on 3 cores; batchCores=1 active=true pending=5
2026/05/09 22:59:21 shrinking memcached → 2 core(s)
2026/05/09 22:59:23 memcached util=0.15 on 2 cores; batchCores=2 active=true pending=5
2026/05/09 22:59:25 memcached util=0.14 on 2 cores; batchCores=2 active=true pending=5
2026/05/09 22:59:27 memcached util=0.16 on 2 cores; batchCores=2 active=true pending=5
2026/05/09 22:59:27 shrinking memcached → 1 core(s)
2026/05/09 22:59:29 memcached util=0.15 on 1 cores; batchCores=3 active=true pending=5
2026/05/09 22:59:31 memcached util=0.22 on 1 cores; batchCores=3 active=true pending=5
2026/05/09 22:59:33 memcached util=0.49 on 1 cores; batchCores=3 active=true pending=5
2026/05/09 22:59:35 memcached util=0.46 on 1 cores; batchCores=3 active=true pending=5
2026/05/09 22:59:37 memcached util=0.44 on 1 cores; batchCores=3 active=true pending=5
2026/05/09 22:59:39 memcached util=0.49 on 1 cores; batchCores=3 active=true pending=5
2026/05/09 22:59:41 memcached util=0.49 on 1 cores; batchCores=3 active=true pending=5
2026/05/09 22:59:43 memcached util=0.44 on 1 cores; batchCores=3 active=true pending=5
2026/05/09 22:59:45 memcached util=0.42 on 1 cores; batchCores=3 active=true pending=5
2026/05/09 22:59:47 memcached util=0.30 on 1 cores; batchCores=3 active=true pending=5
2026/05/09 22:59:49 memcached util=0.24 on 1 cores; batchCores=3 active=true pending=5
2026/05/09 22:59:51 memcached util=0.24 on 1 cores; batchCores=3 active=true pending=5
2026/05/09 22:59:53 memcached util=0.25 on 1 cores; batchCores=3 active=true pending=5
2026/05/09 22:59:55 memcached util=0.22 on 1 cores; batchCores=3 active=true pending=5
2026/05/09 22:59:57 memcached util=0.22 on 1 cores; batchCores=3 active=true pending=5
2026/05/09 22:59:59 memcached util=0.17 on 1 cores; batchCores=3 active=true pending=5
2026/05/09 23:00:01 memcached util=0.39 on 1 cores; batchCores=3 active=true pending=5
2026/05/09 23:00:03 memcached util=1.00 on 1 cores; batchCores=3 active=true pending=5
2026/05/09 23:00:03 expanding memcached → 2 core(s)
2026/05/09 23:00:05 memcached util=0.99 on 2 cores; batchCores=2 active=true pending=5
2026/05/09 23:00:05 expanding memcached → 3 core(s)
2026/05/09 23:00:07 memcached util=0.81 on 3 cores; batchCores=1 active=true pending=5
2026/05/09 23:00:09 memcached util=0.67 on 3 cores; batchCores=1 active=true pending=5
2026/05/09 23:00:11 memcached util=0.64 on 3 cores; batchCores=1 active=true pending=5
2026/05/09 23:00:13 memcached util=0.70 on 3 cores; batchCores=1 active=true pending=5
2026/05/09 23:00:15 memcached util=0.64 on 3 cores; batchCores=1 active=true pending=5
2026/05/09 23:00:17 memcached util=0.29 on 3 cores; batchCores=1 active=true pending=5
2026/05/09 23:00:19 memcached util=0.11 on 3 cores; batchCores=1 active=true pending=5
2026/05/09 23:00:21 memcached util=0.11 on 3 cores; batchCores=1 active=true pending=5
2026/05/09 23:00:23 memcached util=0.11 on 3 cores; batchCores=1 active=true pending=5
2026/05/09 23:00:23 shrinking memcached → 2 core(s)
2026/05/09 23:00:25 memcached util=0.14 on 2 cores; batchCores=2 active=true pending=5
2026/05/09 23:00:27 memcached util=0.13 on 2 cores; batchCores=2 active=true pending=5
2026/05/09 23:00:29 memcached util=0.13 on 2 cores; batchCores=2 active=true pending=5
2026/05/09 23:00:29 shrinking memcached → 1 core(s)
2026/05/09 23:00:31 memcached util=0.17 on 1 cores; batchCores=3 active=true pending=5
2026/05/09 23:00:33 memcached util=0.19 on 1 cores; batchCores=3 active=true pending=5
2026/05/09 23:00:35 memcached util=0.14 on 1 cores; batchCores=3 active=true pending=5
2026/05/09 23:00:37 memcached util=0.15 on 1 cores; batchCores=3 active=true pending=5
2026/05/09 23:00:39 memcached util=0.13 on 1 cores; batchCores=3 active=true pending=5
2026/05/09 23:00:41 memcached util=0.14 on 1 cores; batchCores=3 active=true pending=5
2026/05/09 23:00:43 memcached util=0.14 on 1 cores; batchCores=3 active=true pending=5
2026/05/09 23:00:45 memcached util=0.20 on 1 cores; batchCores=3 active=true pending=5
2026/05/09 23:00:47 memcached util=0.77 on 1 cores; batchCores=3 active=true pending=5
2026/05/09 23:00:47 expanding memcached → 2 core(s)
2026/05/09 23:00:49 memcached util=0.80 on 2 cores; batchCores=2 active=true pending=5
2026/05/09 23:00:49 expanding memcached → 3 core(s)
2026/05/09 23:00:51 memcached util=0.57 on 3 cores; batchCores=1 active=true pending=5
2026/05/09 23:00:53 memcached util=0.56 on 3 cores; batchCores=1 active=true pending=5
2026/05/09 23:00:55 memcached util=0.60 on 3 cores; batchCores=1 active=true pending=5
2026/05/09 23:00:57 memcached util=0.59 on 3 cores; batchCores=1 active=true pending=5
2026/05/09 23:00:59 memcached util=0.57 on 3 cores; batchCores=1 active=true pending=5
2026/05/09 23:01:01 memcached util=0.50 on 3 cores; batchCores=1 active=true pending=5
2026/05/09 23:01:03 memcached util=0.10 on 3 cores; batchCores=1 active=true pending=5
2026/05/09 23:01:05 memcached util=0.10 on 3 cores; batchCores=1 active=true pending=5
2026/05/09 23:01:07 memcached util=0.10 on 3 cores; batchCores=1 active=true pending=5
2026/05/09 23:01:07 shrinking memcached → 2 core(s)
2026/05/09 23:01:09 memcached util=0.13 on 2 cores; batchCores=2 active=true pending=5
2026/05/09 23:01:11 memcached util=0.12 on 2 cores; batchCores=2 active=true pending=5
2026/05/09 23:01:13 memcached util=0.15 on 2 cores; batchCores=2 active=true pending=5
2026/05/09 23:01:13 shrinking memcached → 1 core(s)
2026/05/09 23:01:15 memcached util=0.16 on 1 cores; batchCores=3 active=true pending=5
2026/05/09 23:01:17 memcached util=0.52 on 1 cores; batchCores=3 active=true pending=5
2026/05/09 23:01:19 memcached util=0.74 on 1 cores; batchCores=3 active=true pending=5
2026/05/09 23:01:19 expanding memcached → 2 core(s)
2026/05/09 23:01:21 memcached util=0.40 on 2 cores; batchCores=2 active=true pending=5
2026/05/09 23:01:23 memcached util=0.36 on 2 cores; batchCores=2 active=true pending=5
2026/05/09 23:01:25 memcached util=0.34 on 2 cores; batchCores=2 active=true pending=5
2026/05/09 23:01:27 memcached util=0.38 on 2 cores; batchCores=2 active=true pending=5
2026/05/09 23:01:29 memcached util=0.38 on 2 cores; batchCores=2 active=true pending=5
2026/05/09 23:01:31 memcached util=0.40 on 2 cores; batchCores=2 active=true pending=5
2026/05/09 23:01:33 memcached util=0.23 on 2 cores; batchCores=2 active=true pending=5
2026/05/09 23:01:35 memcached util=0.20 on 2 cores; batchCores=2 active=true pending=5
2026/05/09 23:01:37 memcached util=0.21 on 2 cores; batchCores=2 active=true pending=5
2026/05/09 23:01:37 shrinking memcached → 1 core(s)
2026/05/09 23:01:39 memcached util=0.27 on 1 cores; batchCores=3 active=true pending=5
2026/05/09 23:01:41 memcached util=0.24 on 1 cores; batchCores=3 active=true pending=5
2026/05/09 23:01:43 memcached util=0.26 on 1 cores; batchCores=3 active=true pending=5
2026/05/09 23:01:45 memcached util=0.24 on 1 cores; batchCores=3 active=true pending=5
2026/05/09 23:01:47 memcached util=0.78 on 1 cores; batchCores=3 active=true pending=5
2026/05/09 23:01:47 expanding memcached → 2 core(s)
2026/05/09 23:01:49 memcached util=0.97 on 2 cores; batchCores=2 active=true pending=5
2026/05/09 23:01:49 expanding memcached → 3 core(s)
2026/05/09 23:01:51 memcached util=0.76 on 3 cores; batchCores=1 active=true pending=5
2026/05/09 23:01:53 memcached util=0.73 on 3 cores; batchCores=1 active=true pending=5
2026/05/09 23:01:55 memcached util=0.67 on 3 cores; batchCores=1 active=true pending=5
2026/05/09 23:01:57 memcached util=0.68 on 3 cores; batchCores=1 active=true pending=5
2026/05/09 23:01:59 memcached util=0.70 on 3 cores; batchCores=1 active=true pending=5
2026/05/09 23:02:01 memcached util=0.58 on 3 cores; batchCores=1 active=true pending=5
2026/05/09 23:02:03 memcached util=0.20 on 3 cores; batchCores=1 active=true pending=5
2026/05/09 23:02:05 memcached util=0.20 on 3 cores; batchCores=1 active=true pending=5
2026/05/09 23:02:07 memcached util=0.17 on 3 cores; batchCores=1 active=true pending=5
2026/05/09 23:02:07 shrinking memcached → 2 core(s)
2026/05/09 23:02:09 memcached util=0.24 on 2 cores; batchCores=2 active=true pending=5
2026/05/09 23:02:11 memcached util=0.24 on 2 cores; batchCores=2 active=true pending=5
2026/05/09 23:02:13 memcached util=0.26 on 2 cores; batchCores=2 active=true pending=5
2026/05/09 23:02:15 memcached util=0.24 on 2 cores; batchCores=2 active=true pending=5
2026/05/09 23:02:17 memcached util=0.47 on 2 cores; batchCores=2 active=true pending=5
2026/05/09 23:02:19 memcached util=0.61 on 2 cores; batchCores=2 active=true pending=5
2026/05/09 23:02:19 expanding memcached → 3 core(s)
2026/05/09 23:02:21 memcached util=0.46 on 3 cores; batchCores=1 active=true pending=5
2026/05/09 23:02:23 memcached util=0.44 on 3 cores; batchCores=1 active=true pending=5
2026/05/09 23:02:25 memcached util=0.51 on 3 cores; batchCores=1 active=true pending=5
2026/05/09 23:02:27 memcached util=0.44 on 3 cores; batchCores=1 active=true pending=5
2026/05/09 23:02:29 memcached util=0.46 on 3 cores; batchCores=1 active=true pending=5
2026/05/09 23:02:31 memcached util=0.46 on 3 cores; batchCores=1 active=true pending=5
2026/05/09 23:02:33 memcached util=0.53 on 3 cores; batchCores=1 active=true pending=5
2026/05/09 23:02:34 job canneal finished in 3m39.110506667s
2026/05/09 23:02:34 starting blackscholes cores=[3] threads=1
2026/05/09 23:02:35 memcached util=0.61 on 3 cores; batchCores=1 active=true pending=4
2026/05/09 23:02:37 memcached util=0.49 on 3 cores; batchCores=1 active=true pending=4
2026/05/09 23:02:39 memcached util=0.48 on 3 cores; batchCores=1 active=true pending=4
2026/05/09 23:02:41 memcached util=0.49 on 3 cores; batchCores=1 active=true pending=4
2026/05/09 23:02:43 memcached util=0.46 on 3 cores; batchCores=1 active=true pending=4
2026/05/09 23:02:45 memcached util=0.46 on 3 cores; batchCores=1 active=true pending=4
2026/05/09 23:02:47 memcached util=0.35 on 3 cores; batchCores=1 active=true pending=4
2026/05/09 23:02:49 memcached util=0.32 on 3 cores; batchCores=1 active=true pending=4
2026/05/09 23:02:51 memcached util=0.30 on 3 cores; batchCores=1 active=true pending=4
2026/05/09 23:02:53 memcached util=0.28 on 3 cores; batchCores=1 active=true pending=4
2026/05/09 23:02:55 memcached util=0.27 on 3 cores; batchCores=1 active=true pending=4
2026/05/09 23:02:57 memcached util=0.28 on 3 cores; batchCores=1 active=true pending=4
2026/05/09 23:02:59 memcached util=0.26 on 3 cores; batchCores=1 active=true pending=4
2026/05/09 23:03:01 memcached util=0.30 on 3 cores; batchCores=1 active=true pending=4
2026/05/09 23:03:03 memcached util=0.34 on 3 cores; batchCores=1 active=true pending=4
2026/05/09 23:03:05 memcached util=0.34 on 3 cores; batchCores=1 active=true pending=4
2026/05/09 23:03:07 memcached util=0.33 on 3 cores; batchCores=1 active=true pending=4
2026/05/09 23:03:09 memcached util=0.33 on 3 cores; batchCores=1 active=true pending=4
2026/05/09 23:03:11 memcached util=0.34 on 3 cores; batchCores=1 active=true pending=4
2026/05/09 23:03:13 memcached util=0.33 on 3 cores; batchCores=1 active=true pending=4
2026/05/09 23:03:15 memcached util=0.32 on 3 cores; batchCores=1 active=true pending=4
2026/05/09 23:03:17 memcached util=0.22 on 3 cores; batchCores=1 active=true pending=4
2026/05/09 23:03:19 memcached util=0.21 on 3 cores; batchCores=1 active=true pending=4
2026/05/09 23:03:21 memcached util=0.19 on 3 cores; batchCores=1 active=true pending=4
2026/05/09 23:03:21 shrinking memcached → 2 core(s)
2026/05/09 23:03:23 memcached util=0.24 on 2 cores; batchCores=2 active=true pending=4
2026/05/09 23:03:25 memcached util=0.21 on 2 cores; batchCores=2 active=true pending=4
2026/05/09 23:03:27 memcached util=0.20 on 2 cores; batchCores=2 active=true pending=4
2026/05/09 23:03:27 shrinking memcached → 1 core(s)
2026/05/09 23:03:29 memcached util=0.30 on 1 cores; batchCores=3 active=true pending=4
2026/05/09 23:03:31 memcached util=0.49 on 1 cores; batchCores=3 active=true pending=4
2026/05/09 23:03:33 memcached util=1.00 on 1 cores; batchCores=3 active=true pending=4
2026/05/09 23:03:33 expanding memcached → 2 core(s)
2026/05/09 23:03:35 memcached util=0.59 on 2 cores; batchCores=2 active=true pending=4
2026/05/09 23:03:37 memcached util=0.62 on 2 cores; batchCores=2 active=true pending=4
2026/05/09 23:03:37 expanding memcached → 3 core(s)
2026/05/09 23:03:39 memcached util=0.44 on 3 cores; batchCores=1 active=true pending=4
2026/05/09 23:03:41 memcached util=0.46 on 3 cores; batchCores=1 active=true pending=4
2026/05/09 23:03:43 memcached util=0.45 on 3 cores; batchCores=1 active=true pending=4
2026/05/09 23:03:45 memcached util=0.45 on 3 cores; batchCores=1 active=true pending=4
2026/05/09 23:03:47 memcached util=0.26 on 3 cores; batchCores=1 active=true pending=4
2026/05/09 23:03:49 memcached util=0.19 on 3 cores; batchCores=1 active=true pending=4
2026/05/09 23:03:51 memcached util=0.20 on 3 cores; batchCores=1 active=true pending=4
2026/05/09 23:03:53 memcached util=0.19 on 3 cores; batchCores=1 active=true pending=4
2026/05/09 23:03:53 shrinking memcached → 2 core(s)
2026/05/09 23:03:55 memcached util=0.23 on 2 cores; batchCores=2 active=true pending=4
2026/05/09 23:03:57 memcached util=0.21 on 2 cores; batchCores=2 active=true pending=4
2026/05/09 23:03:59 memcached util=0.21 on 2 cores; batchCores=2 active=true pending=4
2026/05/09 23:03:59 shrinking memcached → 1 core(s)
2026/05/09 23:04:01 memcached util=0.42 on 1 cores; batchCores=3 active=true pending=4
2026/05/09 23:04:03 memcached util=0.57 on 1 cores; batchCores=3 active=true pending=4
2026/05/09 23:04:05 memcached util=0.60 on 1 cores; batchCores=3 active=true pending=4
2026/05/09 23:04:07 memcached util=0.59 on 1 cores; batchCores=3 active=true pending=4
2026/05/09 23:04:09 memcached util=0.58 on 1 cores; batchCores=3 active=true pending=4
2026/05/09 23:04:11 memcached util=0.56 on 1 cores; batchCores=3 active=true pending=4
2026/05/09 23:04:13 memcached util=0.55 on 1 cores; batchCores=3 active=true pending=4
2026/05/09 23:04:15 job blackscholes finished in 1m40.10970728s
2026/05/09 23:04:15 starting streamcluster cores=[1 2 3] threads=3
2026/05/09 23:04:15 memcached util=0.61 on 1 cores; batchCores=3 active=true pending=3
2026/05/09 23:04:15 expanding memcached → 2 core(s)
2026/05/09 23:04:17 memcached util=0.22 on 2 cores; batchCores=2 active=true pending=3
2026/05/09 23:04:19 memcached util=0.19 on 2 cores; batchCores=2 active=true pending=3
2026/05/09 23:04:21 memcached util=0.21 on 2 cores; batchCores=2 active=true pending=3
2026/05/09 23:04:21 shrinking memcached → 1 core(s)
2026/05/09 23:04:23 memcached util=0.37 on 1 cores; batchCores=3 active=true pending=3
2026/05/09 23:04:25 memcached util=0.34 on 1 cores; batchCores=3 active=true pending=3
2026/05/09 23:04:27 memcached util=0.30 on 1 cores; batchCores=3 active=true pending=3
2026/05/09 23:04:29 memcached util=0.30 on 1 cores; batchCores=3 active=true pending=3
2026/05/09 23:04:31 memcached util=0.29 on 1 cores; batchCores=3 active=true pending=3
2026/05/09 23:04:33 memcached util=0.19 on 1 cores; batchCores=3 active=true pending=3
2026/05/09 23:04:35 memcached util=0.17 on 1 cores; batchCores=3 active=true pending=3
2026/05/09 23:04:37 memcached util=0.17 on 1 cores; batchCores=3 active=true pending=3
2026/05/09 23:04:39 memcached util=0.17 on 1 cores; batchCores=3 active=true pending=3
2026/05/09 23:04:41 memcached util=0.18 on 1 cores; batchCores=3 active=true pending=3
2026/05/09 23:04:43 memcached util=0.19 on 1 cores; batchCores=3 active=true pending=3
2026/05/09 23:04:45 memcached util=0.13 on 1 cores; batchCores=3 active=true pending=3
2026/05/09 23:04:47 memcached util=0.78 on 1 cores; batchCores=3 active=true pending=3
2026/05/09 23:04:47 expanding memcached → 2 core(s)
2026/05/09 23:04:49 memcached util=0.75 on 2 cores; batchCores=2 active=true pending=3
2026/05/09 23:04:49 expanding memcached → 3 core(s)
2026/05/09 23:04:51 memcached util=0.52 on 3 cores; batchCores=1 active=true pending=3
2026/05/09 23:04:53 memcached util=0.48 on 3 cores; batchCores=1 active=true pending=3
2026/05/09 23:04:55 memcached util=0.46 on 3 cores; batchCores=1 active=true pending=3
2026/05/09 23:04:57 memcached util=0.46 on 3 cores; batchCores=1 active=true pending=3
2026/05/09 23:04:59 memcached util=0.48 on 3 cores; batchCores=1 active=true pending=3
2026/05/09 23:05:01 memcached util=0.49 on 3 cores; batchCores=1 active=true pending=3
2026/05/09 23:05:03 memcached util=0.33 on 3 cores; batchCores=1 active=true pending=3
2026/05/09 23:05:05 memcached util=0.36 on 3 cores; batchCores=1 active=true pending=3
2026/05/09 23:05:07 memcached util=0.32 on 3 cores; batchCores=1 active=true pending=3
2026/05/09 23:05:09 memcached util=0.31 on 3 cores; batchCores=1 active=true pending=3
2026/05/09 23:05:11 memcached util=0.30 on 3 cores; batchCores=1 active=true pending=3
2026/05/09 23:05:13 memcached util=0.36 on 3 cores; batchCores=1 active=true pending=3
2026/05/09 23:05:15 memcached util=0.29 on 3 cores; batchCores=1 active=true pending=3
2026/05/09 23:05:17 memcached util=0.45 on 3 cores; batchCores=1 active=true pending=3
2026/05/09 23:05:19 memcached util=0.52 on 3 cores; batchCores=1 active=true pending=3
2026/05/09 23:05:21 memcached util=0.55 on 3 cores; batchCores=1 active=true pending=3
2026/05/09 23:05:23 memcached util=0.52 on 3 cores; batchCores=1 active=true pending=3
2026/05/09 23:05:25 memcached util=0.58 on 3 cores; batchCores=1 active=true pending=3
2026/05/09 23:05:27 memcached util=0.49 on 3 cores; batchCores=1 active=true pending=3
2026/05/09 23:05:29 memcached util=0.52 on 3 cores; batchCores=1 active=true pending=3
2026/05/09 23:05:31 memcached util=0.60 on 3 cores; batchCores=1 active=true pending=3
2026/05/09 23:05:33 memcached util=0.71 on 3 cores; batchCores=1 active=true pending=3
2026/05/09 23:05:35 memcached util=0.71 on 3 cores; batchCores=1 active=true pending=3
2026/05/09 23:05:37 memcached util=0.70 on 3 cores; batchCores=1 active=true pending=3
2026/05/09 23:05:39 memcached util=0.76 on 3 cores; batchCores=1 active=true pending=3
2026/05/09 23:05:41 memcached util=0.77 on 3 cores; batchCores=1 active=true pending=3
2026/05/09 23:05:43 memcached util=0.77 on 3 cores; batchCores=1 active=true pending=3
2026/05/09 23:05:45 memcached util=0.78 on 3 cores; batchCores=1 active=true pending=3
2026/05/09 23:05:47 memcached util=0.61 on 3 cores; batchCores=1 active=true pending=3
2026/05/09 23:05:49 memcached util=0.51 on 3 cores; batchCores=1 active=true pending=3
2026/05/09 23:05:51 memcached util=0.46 on 3 cores; batchCores=1 active=true pending=3
2026/05/09 23:05:53 memcached util=0.49 on 3 cores; batchCores=1 active=true pending=3
2026/05/09 23:05:55 memcached util=0.48 on 3 cores; batchCores=1 active=true pending=3
2026/05/09 23:05:57 memcached util=0.45 on 3 cores; batchCores=1 active=true pending=3
2026/05/09 23:05:59 memcached util=0.46 on 3 cores; batchCores=1 active=true pending=3
2026/05/09 23:06:01 memcached util=0.44 on 3 cores; batchCores=1 active=true pending=3
2026/05/09 23:06:03 memcached util=0.17 on 3 cores; batchCores=1 active=true pending=3
2026/05/09 23:06:05 memcached util=0.15 on 3 cores; batchCores=1 active=true pending=3
2026/05/09 23:06:07 memcached util=0.16 on 3 cores; batchCores=1 active=true pending=3
2026/05/09 23:06:07 shrinking memcached → 2 core(s)
2026/05/09 23:06:09 memcached util=0.21 on 2 cores; batchCores=2 active=true pending=3
2026/05/09 23:06:11 memcached util=0.21 on 2 cores; batchCores=2 active=true pending=3
2026/05/09 23:06:13 memcached util=0.23 on 2 cores; batchCores=2 active=true pending=3
2026/05/09 23:06:13 shrinking memcached → 1 core(s)
2026/05/09 23:06:15 memcached util=0.34 on 1 cores; batchCores=3 active=true pending=3
2026/05/09 23:06:17 memcached util=0.18 on 1 cores; batchCores=3 active=true pending=3
2026/05/09 23:06:19 memcached util=0.14 on 1 cores; batchCores=3 active=true pending=3
2026/05/09 23:06:21 memcached util=0.18 on 1 cores; batchCores=3 active=true pending=3
2026/05/09 23:06:23 memcached util=0.17 on 1 cores; batchCores=3 active=true pending=3
2026/05/09 23:06:25 memcached util=0.17 on 1 cores; batchCores=3 active=true pending=3
2026/05/09 23:06:27 memcached util=0.15 on 1 cores; batchCores=3 active=true pending=3
2026/05/09 23:06:29 memcached util=0.17 on 1 cores; batchCores=3 active=true pending=3
2026/05/09 23:06:31 memcached util=0.33 on 1 cores; batchCores=3 active=true pending=3
2026/05/09 23:06:33 memcached util=1.00 on 1 cores; batchCores=3 active=true pending=3
2026/05/09 23:06:33 expanding memcached → 2 core(s)
2026/05/09 23:06:35 memcached util=0.67 on 2 cores; batchCores=2 active=true pending=3
2026/05/09 23:06:35 expanding memcached → 3 core(s)
2026/05/09 23:06:37 memcached util=0.43 on 3 cores; batchCores=1 active=true pending=3
2026/05/09 23:06:39 memcached util=0.41 on 3 cores; batchCores=1 active=true pending=3
2026/05/09 23:06:41 memcached util=0.46 on 3 cores; batchCores=1 active=true pending=3
2026/05/09 23:06:43 memcached util=0.41 on 3 cores; batchCores=1 active=true pending=3
2026/05/09 23:06:45 memcached util=0.40 on 3 cores; batchCores=1 active=true pending=3
2026/05/09 23:06:47 memcached util=0.35 on 3 cores; batchCores=1 active=true pending=3
2026/05/09 23:06:49 memcached util=0.38 on 3 cores; batchCores=1 active=true pending=3
2026/05/09 23:06:51 memcached util=0.38 on 3 cores; batchCores=1 active=true pending=3
2026/05/09 23:06:53 memcached util=0.41 on 3 cores; batchCores=1 active=true pending=3
2026/05/09 23:06:55 memcached util=0.43 on 3 cores; batchCores=1 active=true pending=3
2026/05/09 23:06:57 memcached util=0.40 on 3 cores; batchCores=1 active=true pending=3
2026/05/09 23:06:59 memcached util=0.40 on 3 cores; batchCores=1 active=true pending=3
2026/05/09 23:07:01 memcached util=0.47 on 3 cores; batchCores=1 active=true pending=3
2026/05/09 23:07:03 memcached util=0.59 on 3 cores; batchCores=1 active=true pending=3
2026/05/09 23:07:05 memcached util=0.64 on 3 cores; batchCores=1 active=true pending=3
2026/05/09 23:07:07 memcached util=0.63 on 3 cores; batchCores=1 active=true pending=3
2026/05/09 23:07:09 memcached util=0.59 on 3 cores; batchCores=1 active=true pending=3
2026/05/09 23:07:11 memcached util=0.63 on 3 cores; batchCores=1 active=true pending=3
2026/05/09 23:07:13 memcached util=0.56 on 3 cores; batchCores=1 active=true pending=3
2026/05/09 23:07:15 memcached util=0.59 on 3 cores; batchCores=1 active=true pending=3
2026/05/09 23:07:17 memcached util=0.35 on 3 cores; batchCores=1 active=true pending=3
2026/05/09 23:07:19 memcached util=0.20 on 3 cores; batchCores=1 active=true pending=3
2026/05/09 23:07:21 memcached util=0.22 on 3 cores; batchCores=1 active=true pending=3
2026/05/09 23:07:23 memcached util=0.25 on 3 cores; batchCores=1 active=true pending=3
2026/05/09 23:07:25 memcached util=0.25 on 3 cores; batchCores=1 active=true pending=3
2026/05/09 23:07:27 memcached util=0.23 on 3 cores; batchCores=1 active=true pending=3
2026/05/09 23:07:29 memcached util=0.22 on 3 cores; batchCores=1 active=true pending=3
2026/05/09 23:07:29 shrinking memcached → 2 core(s)
2026/05/09 23:07:31 memcached util=0.29 on 2 cores; batchCores=2 active=true pending=3
2026/05/09 23:07:33 memcached util=0.15 on 2 cores; batchCores=2 active=true pending=3
2026/05/09 23:07:35 memcached util=0.14 on 2 cores; batchCores=2 active=true pending=3
2026/05/09 23:07:37 memcached util=0.12 on 2 cores; batchCores=2 active=true pending=3
2026/05/09 23:07:37 shrinking memcached → 1 core(s)
2026/05/09 23:07:39 memcached util=0.18 on 1 cores; batchCores=3 active=true pending=3
2026/05/09 23:07:41 memcached util=0.22 on 1 cores; batchCores=3 active=true pending=3
2026/05/09 23:07:43 memcached util=0.18 on 1 cores; batchCores=3 active=true pending=3
2026/05/09 23:07:45 memcached util=0.16 on 1 cores; batchCores=3 active=true pending=3
2026/05/09 23:07:47 memcached util=0.81 on 1 cores; batchCores=3 active=true pending=3
2026/05/09 23:07:47 expanding memcached → 2 core(s)
2026/05/09 23:07:49 memcached util=0.68 on 2 cores; batchCores=2 active=true pending=3
2026/05/09 23:07:49 expanding memcached → 3 core(s)
2026/05/09 23:07:51 memcached util=0.42 on 3 cores; batchCores=1 active=true pending=3
2026/05/09 23:07:53 memcached util=0.42 on 3 cores; batchCores=1 active=true pending=3
2026/05/09 23:07:55 memcached util=0.43 on 3 cores; batchCores=1 active=true pending=3
2026/05/09 23:07:57 memcached util=0.42 on 3 cores; batchCores=1 active=true pending=3
2026/05/09 23:07:59 memcached util=0.39 on 3 cores; batchCores=1 active=true pending=3
2026/05/09 23:08:01 memcached util=0.41 on 3 cores; batchCores=1 active=true pending=3
2026/05/09 23:08:03 memcached util=0.27 on 3 cores; batchCores=1 active=true pending=3
2026/05/09 23:08:05 memcached util=0.27 on 3 cores; batchCores=1 active=true pending=3
2026/05/09 23:08:07 memcached util=0.28 on 3 cores; batchCores=1 active=true pending=3
2026/05/09 23:08:09 memcached util=0.32 on 3 cores; batchCores=1 active=true pending=3
2026/05/09 23:08:11 memcached util=0.33 on 3 cores; batchCores=1 active=true pending=3
2026/05/09 23:08:13 memcached util=0.30 on 3 cores; batchCores=1 active=true pending=3
2026/05/09 23:08:15 memcached util=0.30 on 3 cores; batchCores=1 active=true pending=3
2026/05/09 23:08:17 memcached util=0.22 on 3 cores; batchCores=1 active=true pending=3
2026/05/09 23:08:19 memcached util=0.19 on 3 cores; batchCores=1 active=true pending=3
2026/05/09 23:08:21 memcached util=0.24 on 3 cores; batchCores=1 active=true pending=3
2026/05/09 23:08:21 shrinking memcached → 2 core(s)
2026/05/09 23:08:23 memcached util=0.27 on 2 cores; batchCores=2 active=true pending=3
2026/05/09 23:08:25 memcached util=0.24 on 2 cores; batchCores=2 active=true pending=3
2026/05/09 23:08:27 memcached util=0.25 on 2 cores; batchCores=2 active=true pending=3
2026/05/09 23:08:29 memcached util=0.27 on 2 cores; batchCores=2 active=true pending=3
2026/05/09 23:08:31 memcached util=0.28 on 2 cores; batchCores=2 active=true pending=3
2026/05/09 23:08:33 memcached util=0.31 on 2 cores; batchCores=2 active=true pending=3
2026/05/09 23:08:35 memcached util=0.34 on 2 cores; batchCores=2 active=true pending=3
2026/05/09 23:08:37 memcached util=0.29 on 2 cores; batchCores=2 active=true pending=3
2026/05/09 23:08:39 memcached util=0.32 on 2 cores; batchCores=2 active=true pending=3
2026/05/09 23:08:41 memcached util=0.31 on 2 cores; batchCores=2 active=true pending=3
2026/05/09 23:08:43 memcached util=0.32 on 2 cores; batchCores=2 active=true pending=3
2026/05/09 23:08:45 memcached util=0.30 on 2 cores; batchCores=2 active=true pending=3
2026/05/09 23:08:47 memcached util=0.25 on 2 cores; batchCores=2 active=true pending=3
2026/05/09 23:08:49 memcached util=0.21 on 2 cores; batchCores=2 active=true pending=3
2026/05/09 23:08:51 memcached util=0.22 on 2 cores; batchCores=2 active=true pending=3
2026/05/09 23:08:53 memcached util=0.21 on 2 cores; batchCores=2 active=true pending=3
2026/05/09 23:08:53 shrinking memcached → 1 core(s)
2026/05/09 23:08:55 memcached util=0.39 on 1 cores; batchCores=3 active=true pending=3
2026/05/09 23:08:57 memcached util=0.29 on 1 cores; batchCores=3 active=true pending=3
2026/05/09 23:08:59 memcached util=0.31 on 1 cores; batchCores=3 active=true pending=3
2026/05/09 23:09:01 memcached util=0.52 on 1 cores; batchCores=3 active=true pending=3
2026/05/09 23:09:03 memcached util=0.99 on 1 cores; batchCores=3 active=true pending=3
2026/05/09 23:09:03 expanding memcached → 2 core(s)
2026/05/09 23:09:05 memcached util=0.54 on 2 cores; batchCores=2 active=true pending=3
2026/05/09 23:09:07 memcached util=0.46 on 2 cores; batchCores=2 active=true pending=3
2026/05/09 23:09:09 memcached util=0.49 on 2 cores; batchCores=2 active=true pending=3
2026/05/09 23:09:11 memcached util=0.62 on 2 cores; batchCores=2 active=true pending=3
2026/05/09 23:09:11 expanding memcached → 3 core(s)
2026/05/09 23:09:13 memcached util=0.39 on 3 cores; batchCores=1 active=true pending=3
2026/05/09 23:09:15 memcached util=0.35 on 3 cores; batchCores=1 active=true pending=3
2026/05/09 23:09:17 memcached util=0.46 on 3 cores; batchCores=1 active=true pending=3
2026/05/09 23:09:19 memcached util=0.50 on 3 cores; batchCores=1 active=true pending=3
2026/05/09 23:09:21 memcached util=0.46 on 3 cores; batchCores=1 active=true pending=3
2026/05/09 23:09:23 memcached util=0.50 on 3 cores; batchCores=1 active=true pending=3
2026/05/09 23:09:25 memcached util=0.48 on 3 cores; batchCores=1 active=true pending=3
2026/05/09 23:09:27 memcached util=0.43 on 3 cores; batchCores=1 active=true pending=3
2026/05/09 23:09:29 memcached util=0.41 on 3 cores; batchCores=1 active=true pending=3
2026/05/09 23:09:31 memcached util=0.39 on 3 cores; batchCores=1 active=true pending=3
2026/05/09 23:09:33 memcached util=0.27 on 3 cores; batchCores=1 active=true pending=3
2026/05/09 23:09:35 memcached util=0.25 on 3 cores; batchCores=1 active=true pending=3
2026/05/09 23:09:37 memcached util=0.25 on 3 cores; batchCores=1 active=true pending=3
2026/05/09 23:09:39 memcached util=0.27 on 3 cores; batchCores=1 active=true pending=3
2026/05/09 23:09:41 memcached util=0.29 on 3 cores; batchCores=1 active=true pending=3
2026/05/09 23:09:43 memcached util=0.26 on 3 cores; batchCores=1 active=true pending=3
2026/05/09 23:09:45 memcached util=0.25 on 3 cores; batchCores=1 active=true pending=3
2026/05/09 23:09:47 memcached util=0.26 on 3 cores; batchCores=1 active=true pending=3
2026/05/09 23:09:49 memcached util=0.23 on 3 cores; batchCores=1 active=true pending=3
2026/05/09 23:09:51 memcached util=0.25 on 3 cores; batchCores=1 active=true pending=3
2026/05/09 23:09:53 memcached util=0.26 on 3 cores; batchCores=1 active=true pending=3
2026/05/09 23:09:55 memcached util=0.23 on 3 cores; batchCores=1 active=true pending=3
2026/05/09 23:09:57 memcached util=0.24 on 3 cores; batchCores=1 active=true pending=3
2026/05/09 23:09:59 memcached util=0.23 on 3 cores; batchCores=1 active=true pending=3
2026/05/09 23:09:59 shrinking memcached → 2 core(s)
2026/05/09 23:10:01 memcached util=0.49 on 2 cores; batchCores=2 active=true pending=3
2026/05/09 23:10:03 memcached util=0.95 on 2 cores; batchCores=2 active=true pending=3
2026/05/09 23:10:03 expanding memcached → 3 core(s)
2026/05/09 23:10:05 memcached util=0.74 on 3 cores; batchCores=1 active=true pending=3
2026/05/09 23:10:07 memcached util=0.76 on 3 cores; batchCores=1 active=true pending=3
2026/05/09 23:10:09 memcached util=0.68 on 3 cores; batchCores=1 active=true pending=3
2026/05/09 23:10:11 memcached util=0.74 on 3 cores; batchCores=1 active=true pending=3
2026/05/09 23:10:13 memcached util=0.71 on 3 cores; batchCores=1 active=true pending=3
2026/05/09 23:10:15 memcached util=0.68 on 3 cores; batchCores=1 active=true pending=3
2026/05/09 23:10:17 memcached util=0.24 on 3 cores; batchCores=1 active=true pending=3
2026/05/09 23:10:19 memcached util=0.08 on 3 cores; batchCores=1 active=true pending=3
2026/05/09 23:10:21 memcached util=0.07 on 3 cores; batchCores=1 active=true pending=3
2026/05/09 23:10:21 shrinking memcached → 2 core(s)
2026/05/09 23:10:23 memcached util=0.11 on 2 cores; batchCores=2 active=true pending=3
2026/05/09 23:10:25 memcached util=0.10 on 2 cores; batchCores=2 active=true pending=3
2026/05/09 23:10:27 memcached util=0.12 on 2 cores; batchCores=2 active=true pending=3
2026/05/09 23:10:27 shrinking memcached → 1 core(s)
2026/05/09 23:10:29 memcached util=0.13 on 1 cores; batchCores=3 active=true pending=3
2026/05/09 23:10:31 memcached util=0.11 on 1 cores; batchCores=3 active=true pending=3
2026/05/09 23:10:33 memcached util=0.18 on 1 cores; batchCores=3 active=true pending=3
2026/05/09 23:10:35 memcached util=0.13 on 1 cores; batchCores=3 active=true pending=3
2026/05/09 23:10:37 memcached util=0.12 on 1 cores; batchCores=3 active=true pending=3
2026/05/09 23:10:39 memcached util=0.15 on 1 cores; batchCores=3 active=true pending=3
2026/05/09 23:10:41 memcached util=0.12 on 1 cores; batchCores=3 active=true pending=3
2026/05/09 23:10:43 memcached util=0.15 on 1 cores; batchCores=3 active=true pending=3
2026/05/09 23:10:45 memcached util=0.11 on 1 cores; batchCores=3 active=true pending=3
2026/05/09 23:10:47 memcached util=0.13 on 1 cores; batchCores=3 active=true pending=3
2026/05/09 23:10:49 memcached util=0.10 on 1 cores; batchCores=3 active=true pending=3
2026/05/09 23:10:51 memcached util=0.12 on 1 cores; batchCores=3 active=true pending=3
2026/05/09 23:10:53 memcached util=0.15 on 1 cores; batchCores=3 active=true pending=3
2026/05/09 23:10:55 memcached util=0.11 on 1 cores; batchCores=3 active=true pending=3
2026/05/09 23:10:57 memcached util=0.08 on 1 cores; batchCores=3 active=true pending=3
2026/05/09 23:10:59 memcached util=0.07 on 1 cores; batchCores=3 active=true pending=3
2026/05/09 23:11:01 memcached util=0.16 on 1 cores; batchCores=3 active=true pending=3
2026/05/09 23:11:03 memcached util=0.71 on 1 cores; batchCores=3 active=true pending=3
2026/05/09 23:11:03 expanding memcached → 2 core(s)
2026/05/09 23:11:05 memcached util=0.38 on 2 cores; batchCores=2 active=true pending=3
2026/05/09 23:11:07 memcached util=0.31 on 2 cores; batchCores=2 active=true pending=3
2026/05/09 23:11:09 memcached util=0.31 on 2 cores; batchCores=2 active=true pending=3
2026/05/09 23:11:11 memcached util=0.29 on 2 cores; batchCores=2 active=true pending=3
2026/05/09 23:11:13 memcached util=0.29 on 2 cores; batchCores=2 active=true pending=3
2026/05/09 23:11:15 memcached util=0.24 on 2 cores; batchCores=2 active=true pending=3
2026/05/09 23:11:17 memcached util=0.13 on 2 cores; batchCores=2 active=true pending=3
2026/05/09 23:11:19 memcached util=0.10 on 2 cores; batchCores=2 active=true pending=3
2026/05/09 23:11:19 shrinking memcached → 1 core(s)
2026/05/09 23:11:21 memcached util=0.13 on 1 cores; batchCores=3 active=true pending=3
2026/05/09 23:11:23 memcached util=0.17 on 1 cores; batchCores=3 active=true pending=3
2026/05/09 23:11:25 memcached util=0.15 on 1 cores; batchCores=3 active=true pending=3
2026/05/09 23:11:27 memcached util=0.13 on 1 cores; batchCores=3 active=true pending=3
2026/05/09 23:11:29 memcached util=0.16 on 1 cores; batchCores=3 active=true pending=3
2026/05/09 23:11:30 job streamcluster finished in 7m14.68732139s
2026/05/09 23:11:30 starting barnes cores=[1 2 3] threads=3
2026/05/09 23:11:31 memcached util=0.39 on 1 cores; batchCores=3 active=true pending=2
2026/05/09 23:11:33 memcached util=1.00 on 1 cores; batchCores=3 active=true pending=2
2026/05/09 23:11:33 expanding memcached → 2 core(s)
2026/05/09 23:11:35 memcached util=0.80 on 2 cores; batchCores=2 active=true pending=2
2026/05/09 23:11:35 expanding memcached → 3 core(s)
2026/05/09 23:11:37 memcached util=0.47 on 3 cores; batchCores=1 active=true pending=2
2026/05/09 23:11:39 memcached util=0.46 on 3 cores; batchCores=1 active=true pending=2
2026/05/09 23:11:41 memcached util=0.43 on 3 cores; batchCores=1 active=true pending=2
2026/05/09 23:11:43 memcached util=0.44 on 3 cores; batchCores=1 active=true pending=2
2026/05/09 23:11:45 memcached util=0.45 on 3 cores; batchCores=1 active=true pending=2
2026/05/09 23:11:47 memcached util=0.22 on 3 cores; batchCores=1 active=true pending=2
2026/05/09 23:11:49 memcached util=0.14 on 3 cores; batchCores=1 active=true pending=2
2026/05/09 23:11:51 memcached util=0.17 on 3 cores; batchCores=1 active=true pending=2
2026/05/09 23:11:51 shrinking memcached → 2 core(s)
2026/05/09 23:11:53 memcached util=0.22 on 2 cores; batchCores=2 active=true pending=2
2026/05/09 23:11:55 memcached util=0.18 on 2 cores; batchCores=2 active=true pending=2
2026/05/09 23:11:57 memcached util=0.21 on 2 cores; batchCores=2 active=true pending=2
2026/05/09 23:11:57 shrinking memcached → 1 core(s)
2026/05/09 23:11:59 memcached util=0.20 on 1 cores; batchCores=3 active=true pending=2
2026/05/09 23:12:01 memcached util=0.36 on 1 cores; batchCores=3 active=true pending=2
2026/05/09 23:12:03 memcached util=1.00 on 1 cores; batchCores=3 active=true pending=2
2026/05/09 23:12:03 expanding memcached → 2 core(s)
2026/05/09 23:12:05 memcached util=0.75 on 2 cores; batchCores=2 active=true pending=2
2026/05/09 23:12:05 expanding memcached → 3 core(s)
2026/05/09 23:12:07 memcached util=0.45 on 3 cores; batchCores=1 active=true pending=2
2026/05/09 23:12:09 memcached util=0.42 on 3 cores; batchCores=1 active=true pending=2
2026/05/09 23:12:11 memcached util=0.43 on 3 cores; batchCores=1 active=true pending=2
2026/05/09 23:12:13 memcached util=0.45 on 3 cores; batchCores=1 active=true pending=2
2026/05/09 23:12:15 memcached util=0.43 on 3 cores; batchCores=1 active=true pending=2
2026/05/09 23:12:17 memcached util=0.28 on 3 cores; batchCores=1 active=true pending=2
2026/05/09 23:12:19 memcached util=0.20 on 3 cores; batchCores=1 active=true pending=2
2026/05/09 23:12:21 memcached util=0.20 on 3 cores; batchCores=1 active=true pending=2
2026/05/09 23:12:23 memcached util=0.23 on 3 cores; batchCores=1 active=true pending=2
2026/05/09 23:12:23 shrinking memcached → 2 core(s)
2026/05/09 23:12:25 memcached util=0.25 on 2 cores; batchCores=2 active=true pending=2
2026/05/09 23:12:27 memcached util=0.23 on 2 cores; batchCores=2 active=true pending=2
2026/05/09 23:12:29 memcached util=0.24 on 2 cores; batchCores=2 active=true pending=2
2026/05/09 23:12:29 shrinking memcached → 1 core(s)
2026/05/09 23:12:31 memcached util=0.39 on 1 cores; batchCores=3 active=true pending=2
2026/05/09 23:12:33 memcached util=0.20 on 1 cores; batchCores=3 active=true pending=2
2026/05/09 23:12:35 memcached util=0.17 on 1 cores; batchCores=3 active=true pending=2
2026/05/09 23:12:37 memcached util=0.16 on 1 cores; batchCores=3 active=true pending=2
2026/05/09 23:12:39 memcached util=0.19 on 1 cores; batchCores=3 active=true pending=2
2026/05/09 23:12:41 memcached util=0.17 on 1 cores; batchCores=3 active=true pending=2
2026/05/09 23:12:43 memcached util=0.16 on 1 cores; batchCores=3 active=true pending=2
2026/05/09 23:12:45 memcached util=0.15 on 1 cores; batchCores=3 active=true pending=2
2026/05/09 23:12:47 memcached util=0.77 on 1 cores; batchCores=3 active=true pending=2
2026/05/09 23:12:47 expanding memcached → 2 core(s)
2026/05/09 23:12:49 memcached util=0.91 on 2 cores; batchCores=2 active=true pending=2
2026/05/09 23:12:49 expanding memcached → 3 core(s)
2026/05/09 23:12:51 memcached util=0.51 on 3 cores; batchCores=1 active=true pending=2
2026/05/09 23:12:53 memcached util=0.51 on 3 cores; batchCores=1 active=true pending=2
2026/05/09 23:12:55 memcached util=0.52 on 3 cores; batchCores=1 active=true pending=2
2026/05/09 23:12:57 memcached util=0.51 on 3 cores; batchCores=1 active=true pending=2
2026/05/09 23:12:59 memcached util=0.48 on 3 cores; batchCores=1 active=true pending=2
2026/05/09 23:13:01 memcached util=0.47 on 3 cores; batchCores=1 active=true pending=2
2026/05/09 23:13:03 memcached util=0.26 on 3 cores; batchCores=1 active=true pending=2
2026/05/09 23:13:05 memcached util=0.27 on 3 cores; batchCores=1 active=true pending=2
2026/05/09 23:13:07 memcached util=0.27 on 3 cores; batchCores=1 active=true pending=2
2026/05/09 23:13:09 memcached util=0.27 on 3 cores; batchCores=1 active=true pending=2
2026/05/09 23:13:11 memcached util=0.27 on 3 cores; batchCores=1 active=true pending=2
2026/05/09 23:13:13 memcached util=0.30 on 3 cores; batchCores=1 active=true pending=2
2026/05/09 23:13:15 memcached util=0.30 on 3 cores; batchCores=1 active=true pending=2
2026/05/09 23:13:17 memcached util=0.56 on 3 cores; batchCores=1 active=true pending=2
2026/05/09 23:13:19 memcached util=0.71 on 3 cores; batchCores=1 active=true pending=2
2026/05/09 23:13:21 memcached util=0.72 on 3 cores; batchCores=1 active=true pending=2
2026/05/09 23:13:23 memcached util=0.71 on 3 cores; batchCores=1 active=true pending=2
2026/05/09 23:13:25 memcached util=0.76 on 3 cores; batchCores=1 active=true pending=2
2026/05/09 23:13:25 job barnes finished in 1m55.255423667s
2026/05/09 23:13:25 starting vips cores=[3] threads=1
2026/05/09 23:13:27 memcached util=0.78 on 3 cores; batchCores=1 active=true pending=1
2026/05/09 23:13:29 memcached util=0.75 on 3 cores; batchCores=1 active=true pending=1
2026/05/09 23:13:31 memcached util=0.64 on 3 cores; batchCores=1 active=true pending=1
2026/05/09 23:13:33 memcached util=0.15 on 3 cores; batchCores=1 active=true pending=1
2026/05/09 23:13:35 memcached util=0.14 on 3 cores; batchCores=1 active=true pending=1
2026/05/09 23:13:37 memcached util=0.13 on 3 cores; batchCores=1 active=true pending=1
2026/05/09 23:13:37 shrinking memcached → 2 core(s)
2026/05/09 23:13:39 memcached util=0.18 on 2 cores; batchCores=2 active=true pending=1
2026/05/09 23:13:41 memcached util=0.17 on 2 cores; batchCores=2 active=true pending=1
2026/05/09 23:13:43 memcached util=0.20 on 2 cores; batchCores=2 active=true pending=1
2026/05/09 23:13:43 shrinking memcached → 1 core(s)
2026/05/09 23:13:45 memcached util=0.17 on 1 cores; batchCores=3 active=true pending=1
2026/05/09 23:13:47 memcached util=0.78 on 1 cores; batchCores=3 active=true pending=1
2026/05/09 23:13:47 expanding memcached → 2 core(s)
2026/05/09 23:13:49 memcached util=0.82 on 2 cores; batchCores=2 active=true pending=1
2026/05/09 23:13:49 expanding memcached → 3 core(s)
2026/05/09 23:13:51 memcached util=0.54 on 3 cores; batchCores=1 active=true pending=1
2026/05/09 23:13:53 memcached util=0.56 on 3 cores; batchCores=1 active=true pending=1
2026/05/09 23:13:55 memcached util=0.56 on 3 cores; batchCores=1 active=true pending=1
2026/05/09 23:13:57 memcached util=0.52 on 3 cores; batchCores=1 active=true pending=1
2026/05/09 23:13:59 memcached util=0.52 on 3 cores; batchCores=1 active=true pending=1
2026/05/09 23:14:01 memcached util=0.53 on 3 cores; batchCores=1 active=true pending=1
2026/05/09 23:14:03 memcached util=0.49 on 3 cores; batchCores=1 active=true pending=1
2026/05/09 23:14:05 memcached util=0.49 on 3 cores; batchCores=1 active=true pending=1
2026/05/09 23:14:07 memcached util=0.51 on 3 cores; batchCores=1 active=true pending=1
2026/05/09 23:14:09 memcached util=0.50 on 3 cores; batchCores=1 active=true pending=1
2026/05/09 23:14:11 memcached util=0.48 on 3 cores; batchCores=1 active=true pending=1
2026/05/09 23:14:13 memcached util=0.49 on 3 cores; batchCores=1 active=true pending=1
2026/05/09 23:14:15 memcached util=0.47 on 3 cores; batchCores=1 active=true pending=1
2026/05/09 23:14:17 memcached util=0.55 on 3 cores; batchCores=1 active=true pending=1
2026/05/09 23:14:19 memcached util=0.61 on 3 cores; batchCores=1 active=true pending=1
2026/05/09 23:14:21 memcached util=0.61 on 3 cores; batchCores=1 active=true pending=1
2026/05/09 23:14:23 memcached util=0.62 on 3 cores; batchCores=1 active=true pending=1
2026/05/09 23:14:25 memcached util=0.61 on 3 cores; batchCores=1 active=true pending=1
2026/05/09 23:14:27 memcached util=0.59 on 3 cores; batchCores=1 active=true pending=1
2026/05/09 23:14:29 memcached util=0.67 on 3 cores; batchCores=1 active=true pending=1
2026/05/09 23:14:31 memcached util=0.54 on 3 cores; batchCores=1 active=true pending=1
2026/05/09 23:14:33 memcached util=0.19 on 3 cores; batchCores=1 active=true pending=1
2026/05/09 23:14:35 memcached util=0.17 on 3 cores; batchCores=1 active=true pending=1
2026/05/09 23:14:37 memcached util=0.16 on 3 cores; batchCores=1 active=true pending=1
2026/05/09 23:14:37 shrinking memcached → 2 core(s)
2026/05/09 23:14:39 memcached util=0.22 on 2 cores; batchCores=2 active=true pending=1
2026/05/09 23:14:41 memcached util=0.18 on 2 cores; batchCores=2 active=true pending=1
2026/05/09 23:14:43 memcached util=0.20 on 2 cores; batchCores=2 active=true pending=1
2026/05/09 23:14:43 shrinking memcached → 1 core(s)
2026/05/09 23:14:45 memcached util=0.21 on 1 cores; batchCores=3 active=true pending=1
2026/05/09 23:14:47 memcached util=0.18 on 1 cores; batchCores=3 active=true pending=1
2026/05/09 23:14:49 memcached util=0.15 on 1 cores; batchCores=3 active=true pending=1
2026/05/09 23:14:51 memcached util=0.16 on 1 cores; batchCores=3 active=true pending=1
2026/05/09 23:14:53 memcached util=0.17 on 1 cores; batchCores=3 active=true pending=1
2026/05/09 23:14:55 memcached util=0.14 on 1 cores; batchCores=3 active=true pending=1
2026/05/09 23:14:57 memcached util=0.15 on 1 cores; batchCores=3 active=true pending=1
2026/05/09 23:14:59 memcached util=0.13 on 1 cores; batchCores=3 active=true pending=1
2026/05/09 23:15:01 memcached util=0.28 on 1 cores; batchCores=3 active=true pending=1
2026/05/09 23:15:03 memcached util=0.91 on 1 cores; batchCores=3 active=true pending=1
2026/05/09 23:15:03 expanding memcached → 2 core(s)
2026/05/09 23:15:04 job vips finished in 1m38.096299308s
2026/05/09 23:15:05 starting radix cores=[2 3] threads=2
2026/05/09 23:15:05 memcached util=0.61 on 2 cores; batchCores=2 active=true pending=0
2026/05/09 23:15:05 expanding memcached → 3 core(s)
2026/05/09 23:15:07 memcached util=0.34 on 3 cores; batchCores=1 active=true pending=0
2026/05/09 23:15:09 memcached util=0.30 on 3 cores; batchCores=1 active=true pending=0
2026/05/09 23:15:11 memcached util=0.31 on 3 cores; batchCores=1 active=true pending=0
2026/05/09 23:15:13 memcached util=0.32 on 3 cores; batchCores=1 active=true pending=0
2026/05/09 23:15:15 memcached util=0.30 on 3 cores; batchCores=1 active=true pending=0
2026/05/09 23:15:17 memcached util=0.25 on 3 cores; batchCores=1 active=true pending=0
2026/05/09 23:15:19 memcached util=0.22 on 3 cores; batchCores=1 active=true pending=0
2026/05/09 23:15:21 memcached util=0.20 on 3 cores; batchCores=1 active=true pending=0
2026/05/09 23:15:21 shrinking memcached → 2 core(s)
2026/05/09 23:15:23 memcached util=0.31 on 2 cores; batchCores=2 active=true pending=0
2026/05/09 23:15:25 memcached util=0.27 on 2 cores; batchCores=2 active=true pending=0
2026/05/09 23:15:27 memcached util=0.25 on 2 cores; batchCores=2 active=true pending=0
2026/05/09 23:15:29 memcached util=0.27 on 2 cores; batchCores=2 active=true pending=0
2026/05/09 23:15:31 memcached util=0.40 on 2 cores; batchCores=2 active=true pending=0
2026/05/09 23:15:33 memcached util=0.91 on 2 cores; batchCores=2 active=true pending=0
2026/05/09 23:15:33 expanding memcached → 3 core(s)
2026/05/09 23:15:35 memcached util=0.64 on 3 cores; batchCores=1 active=true pending=0
2026/05/09 23:15:37 memcached util=0.71 on 3 cores; batchCores=1 active=true pending=0
2026/05/09 23:15:39 memcached util=0.60 on 3 cores; batchCores=1 active=true pending=0
2026/05/09 23:15:40 job radix finished in 35.454919759s
2026/05/09 23:15:40 done. log: log20260509_225341.txt
